Resolving dependencies...
Downloading packages...
  _flutterfire_internals 1.3.59 (1.3.76 available)
  cloud_firestore 5.6.12 (6.8.0 available)
  cloud_firestore_platform_interface 6.6.12 (8.0.6 available)
  cloud_firestore_web 4.4.12 (5.7.2 available)
  firebase_auth 5.7.0 (6.5.7 available)
  firebase_auth_platform_interface 7.7.3 (9.0.6 available)
  firebase_auth_web 5.15.3 (6.2.6 available)
  firebase_core 3.15.2 (4.13.0 available)
  firebase_core_platform_interface 6.0.3 (8.1.0 available)
  firebase_core_web 2.24.1 (3.10.0 available)
  matcher 0.12.19 (0.12.20 available)
  material_color_utilities 0.13.0 (0.13.1 available)
  meta 1.18.0 (1.19.0 available)
  test_api 0.7.11 (0.7.13 available)
  vector_math 2.2.0 (2.4.2 available)
Got dependencies!
15 packages have newer versions incompatible with dependency constraints.
Try `flutter pub outdated` for more information.
Running Gradle task 'assembleDebug'...                             12,0s
√ Built build\app\outputs\flutter-apk\app-debug.apk
